// Jest Snapshot v1, https://goo.gl/fbAQLP

exports[`Button component renders without crashing 1`] = `
<View
  accessibilityComponentType={undefined}
  accessibilityLabel={undefined}
  accessibilityTraits={undefined}
  accessible={true}
  collapsable={undefined}
  hitSlop={undefined}
  isTVSelectable={true}
  nativeID={undefined}
  onLayout={undefined}
  onResponderGrant={[Function]}
  onResponderMove={[Function]}
  onResponderRelease={[Function]}
  onResponderTerminate={[Function]}
  onResponderTerminationRequest={[Function]}
  onStartShouldSetResponder={[Function]}
  style={
    Object {
      "alignSelf": "stretch",
      "backgroundColor": "#039be5",
      "borderRadius": 3,
      "flex": 1,
      "marginTop": 10,
      "opacity": 1,
    }
  }
  testID={undefined}
  tvParallaxProperties={undefined}
>
  <Text
    accessible={true}
    allowFontScaling={true}
    disabled={false}
    ellipsizeMode="tail"
    style={
      Array [
        Object {
          "alignSelf": "center",
          "color": "#fff",
          "fontSize": 16,
          "fontWeight": "600",
          "paddingBottom": 10,
          "paddingTop": 10,
        },
        Object {},
      ]
    }
  />
</View>
`;

exports[`Confirm component renders without crashing 1`] = `
<Modal
  animationType="fade"
  hardwareAccelerated={false}
  onRequestClose={[Function]}
  transparent={true}
  visible={true}
>
  <View
    style={
      Object {
        "backgroundColor": "rgba(0, 0, 0, 0.75)",
        "flex": 1,
        "justifyContent": "center",
        "position": "relative",
      }
    }
  >
    <View
      style={
        Array [
          Object {
            "backgroundColor": "#fff",
            "flexDirection": "row",
            "justifyContent": "flex-start",
            "padding": 5,
            "position": "relative",
          },
          Object {
            "justifyContent": "center",
          },
        ]
      }
    >
      <Text
        accessible={true}
        allowFontScaling={true}
        disabled={false}
        ellipsizeMode="tail"
        style={
          Object {
            "flex": 1,
            "fontSize": 18,
            "lineHeight": 40,
            "textAlign": "center",
          }
        }
      />
    </View>
    <View
      style={
        Array [
          Object {
            "backgroundColor": "#fff",
            "flexDirection": "row",
            "justifyContent": "flex-start",
            "padding": 5,
            "position": "relative",
          },
          Object {},
        ]
      }
    >
      <View
        accessibilityComponentType={undefined}
        accessibilityLabel={undefined}
        accessibilityTraits={undefined}
        accessible={true}
        collapsable={undefined}
        hitSlop={undefined}
        isTVSelectable={true}
        nativeID={undefined}
        onLayout={undefined}
        onResponderGrant={[Function]}
        onResponderMove={[Function]}
        onResponderRelease={[Function]}
        onResponderTerminate={[Function]}
        onResponderTerminationRequest={[Function]}
        onStartShouldSetResponder={[Function]}
        style={
          Object {
            "alignSelf": "stretch",
            "backgroundColor": "#e62117",
            "borderRadius": 3,
            "flex": 1,
            "marginTop": 10,
            "opacity": 1,
          }
        }
        testID={undefined}
        tvParallaxProperties={undefined}
      >
        <Text
          accessible={true}
          allowFontScaling={true}
          disabled={false}
          ellipsizeMode="tail"
          style={
            Array [
              Object {
                "alignSelf": "center",
                "color": "#fff",
                "fontSize": 16,
                "fontWeight": "600",
                "paddingBottom": 10,
                "paddingTop": 10,
              },
              Object {},
            ]
          }
        >
          Yes
        </Text>
      </View>
    </View>
    <View
      style={
        Array [
          Object {
            "backgroundColor": "#fff",
            "flexDirection": "row",
            "justifyContent": "flex-start",
            "padding": 5,
            "position": "relative",
          },
          Object {},
        ]
      }
    >
      <View
        accessibilityComponentType={undefined}
        accessibilityLabel={undefined}
        accessibilityTraits={undefined}
        accessible={true}
        collapsable={undefined}
        hitSlop={undefined}
        isTVSelectable={true}
        nativeID={undefined}
        onLayout={undefined}
        onResponderGrant={[Function]}
        onResponderMove={[Function]}
        onResponderRelease={[Function]}
        onResponderTerminate={[Function]}
        onResponderTerminationRequest={[Function]}
        onStartShouldSetResponder={[Function]}
        style={
          Object {
            "alignSelf": "stretch",
            "backgroundColor": "#039be5",
            "borderRadius": 3,
            "flex": 1,
            "marginTop": 10,
            "opacity": 1,
          }
        }
        testID={undefined}
        tvParallaxProperties={undefined}
      >
        <Text
          accessible={true}
          allowFontScaling={true}
          disabled={false}
          ellipsizeMode="tail"
          style={
            Array [
              Object {
                "alignSelf": "center",
                "color": "#fff",
                "fontSize": 16,
                "fontWeight": "600",
                "paddingBottom": 10,
                "paddingTop": 10,
              },
              Object {},
            ]
          }
        >
          No
        </Text>
      </View>
    </View>
  </View>
</Modal>
`;

exports[`Container component renders without crashing 1`] = `
<View
  style={
    Array [
      Object {
        "backgroundColor": "#fff",
        "elevation": 1,
        "marginLeft": 10,
        "marginRight": 10,
        "marginTop": 10,
        "paddingBottom": 10,
        "paddingTop": 10,
        "shadowColor": "#000",
        "shadowOffset": Object {
          "height": 2,
          "width": 0,
        },
        "shadowOpacity": 0.2,
      },
    ]
  }
/>
`;

exports[`Header component renders without crashing 1`] = `
<View
  style={
    Object {
      "alignItems": "center",
      "backgroundColor": "#F8F8F8",
      "elevation": 2,
      "height": 60,
      "justifyContent": "center",
      "paddingTop": 15,
      "position": "relative",
      "shadowColor": "#000",
      "shadowOffset": Object {
        "height": 2,
        "width": 0,
      },
      "shadowOpacity": 0.2,
    }
  }
>
  <Text
    accessible={true}
    allowFontScaling={true}
    disabled={false}
    ellipsizeMode="tail"
    style={
      Object {
        "fontSize": 20,
      }
    }
  >
    
  </Text>
</View>
`;

exports[`Icon Container component renders without crashing 1`] = `
<View
  style={
    Object {
      "flexDirection": "row",
      "justifyContent": "flex-end",
    }
  }
>
  <View
    accessibilityComponentType={undefined}
    accessibilityLabel={undefined}
    accessibilityTraits={undefined}
    accessible={true}
    hasTVPreferredFocus={undefined}
    hitSlop={undefined}
    isTVSelectable={true}
    nativeID={undefined}
    onLayout={undefined}
    onResponderGrant={[Function]}
    onResponderMove={[Function]}
    onResponderRelease={[Function]}
    onResponderTerminate={[Function]}
    onResponderTerminationRequest={[Function]}
    onStartShouldSetResponder={[Function]}
    style={
      Array [
        Object {
          "backgroundColor": "transparent",
        },
        Array [
          Object {
            "margin": 7,
          },
          Object {
            "borderRadius": 28,
            "height": 52,
            "width": 52,
          },
          Object {
            "shadowColor": "rgba(0,0,0, .4)",
            "shadowOffset": Object {
              "height": 1,
              "width": 1,
            },
            "shadowOpacity": 1,
            "shadowRadius": 1,
          },
          Object {
            "alignItems": "center",
            "backgroundColor": "#00aced",
            "justifyContent": "center",
          },
          undefined,
        ],
      ]
    }
    testID={undefined}
    tvParallaxProperties={undefined}
  >
    <Text
      accessible={true}
      allowFontScaling={false}
      disabled={false}
      ellipsizeMode="tail"
      style={
        Array [
          Object {
            "color": "white",
            "fontSize": 24,
          },
          Array [
            Object {
              "backgroundColor": "transparent",
            },
            undefined,
          ],
          Object {
            "fontFamily": "Material Icons",
            "fontStyle": "normal",
            "fontWeight": "normal",
          },
        ]
      }
    >
      îŽ¯
    </Text>
  </View>
  <View
    accessibilityComponentType={undefined}
    accessibilityLabel={undefined}
    accessibilityTraits={undefined}
    accessible={true}
    hasTVPreferredFocus={undefined}
    hitSlop={undefined}
    isTVSelectable={true}
    nativeID={undefined}
    onLayout={undefined}
    onResponderGrant={[Function]}
    onResponderMove={[Function]}
    onResponderRelease={[Function]}
    onResponderTerminate={[Function]}
    onResponderTerminationRequest={[Function]}
    onStartShouldSetResponder={[Function]}
    style={
      Array [
        Object {
          "backgroundColor": "transparent",
        },
        Array [
          Object {
            "margin": 7,
          },
          Object {
            "borderRadius": 28,
            "height": 52,
            "width": 52,
          },
          Object {
            "shadowColor": "rgba(0,0,0, .4)",
            "shadowOffset": Object {
              "height": 1,
              "width": 1,
            },
            "shadowOpacity": 1,
            "shadowRadius": 1,
          },
          Object {
            "alignItems": "center",
            "backgroundColor": "#517fa4",
            "justifyContent": "center",
          },
          undefined,
        ],
      ]
    }
    testID={undefined}
    tvParallaxProperties={undefined}
  >
    <Text
      accessible={true}
      allowFontScaling={false}
      disabled={false}
      ellipsizeMode="tail"
      style={
        Array [
          Object {
            "color": "white",
            "fontSize": 24,
          },
          Array [
            Object {
              "backgroundColor": "transparent",
            },
            undefined,
          ],
          Object {
            "fontFamily": "Material Icons",
            "fontStyle": "normal",
            "fontWeight": "normal",
          },
        ]
      }
    >
      î¢¸
    </Text>
  </View>
</View>
`;

exports[`Input component renders without crashing 1`] = `
<View
  style={
    Array [
      Object {
        "alignItems": "center",
        "borderBottomWidth": 1,
        "borderColor": "#ddd",
        "flex": 1,
        "flexDirection": "row",
        "height": 40,
      },
      Object {},
    ]
  }
>
  <TextInput
    autoCorrect={false}
    multiline={false}
    onChangeText={[Function]}
    placeholder=""
    secureTextEntry={false}
    style={
      Object {
        "color": "#000",
        "flex": 2,
        "fontSize": 18,
        "lineHeight": 23,
        "paddingLeft": 5,
        "paddingRight": 5,
      }
    }
    value={undefined}
  />
</View>
`;

exports[`Item component renders without crashing 1`] = `
<View
  style={
    Array [
      Object {
        "backgroundColor": "#fff",
        "flexDirection": "row",
        "justifyContent": "flex-start",
        "padding": 5,
        "position": "relative",
      },
      Object {},
    ]
  }
/>
`;

exports[`Spinner component renders without crashing 1`] = `
<View
  style={
    Object {
      "alignItems": "center",
      "flex": 1,
      "justifyContent": "center",
    }
  }
>
  <ActivityIndicator
    animating={true}
    color="#999999"
    hidesWhenStopped={true}
    size="large"
  />
</View>
`;
